// Vitest Snapshot v1, https://vitest.dev/guide/snapshot.html

exports[`buildSolveRequest > (c) month without worship retirees → request byte-identical to pre-P3 baseline 1`] = `"{"weeks":4,"weekends_with_saturday":[2,3,4],"sunday_leads":["Frank"],"saturday_leads":["Gaby"],"support":["Mkz"],"dsl_rules":[],"history":[]}"`;
